[32m/home/lind/lind-wasm/src/wasmtime/target/debug/wasmtime run --allow-precompiled --wasi threads=y --wasi preview2=n getuid_grate.cwasm getuid.cwasm[0m
Cageid: 1
[3i|make_syscall] syscallnum: 21, self_cageid: 1, target_cageid: 1
[mmap_syscall] selfcageid: 1, FD Cageid: 1
[mmap_inner] cageid: 1, vfd: -1
[mmap_syscall] return: 0, selfcageid: 1
[3i|threei_test_func] Callback replaced with grateid 1
[3i|threei_test_func] Added grate entry func to global table
[3i|make_syscall] syscallnum: 191, self_cageid: 1, target_cageid: 1
[wasmtime|common] callnum: 191, ret:-14
[3i|make_syscall] syscallnum: 176, self_cageid: 1, target_cageid: 1
[sbrk_syscall] cageid: 1
[sbrk_syscall] cp 1
[sbrk_syscall] cp 2
[sbrk_syscall] cp 3
[sbrk_syscall] cp 4
[sbrk_syscall] cp 4.5
[sbrk_syscall] cp 5
[mmap_inner] cageid: 1, vfd: -1
[wasmtime|common] callnum: 176, ret:196608
[3i|make_syscall] syscallnum: 176, self_cageid: 1, target_cageid: 1
[sbrk_syscall] cageid: 1
[sbrk_syscall] cp 1
[sbrk_syscall] cp 2
[sbrk_syscall] cp 3
[sbrk_syscall] cp 4
[sbrk_syscall] cp 4.5
[sbrk_syscall] cp 5
[mmap_inner] cageid: 1, vfd: -1
[wasmtime|common] callnum: 176, ret:331776
[3i|make_syscall] syscallnum: 31, self_cageid: 1, target_cageid: 1
[wasmtime|common] callnum: 31, ret:1
[3i|make_syscall] syscallnum: 68, self_cageid: 1, target_cageid: 1
[wasmtime|common] callnum: 171, ret:0
Cageid: 2
[wasmtime|common] callnum: 171, ret:2
[3i|make_syscall] syscallnum: 172, self_cageid: 1, target_cageid: 1
[mem_helper] baseaddr: 135401528360960, arg: 190156
[wasmtime|common] callnum: 171, ret:0
[3i|make_syscall] syscallnum: 31, self_cageid: 2, target_cageid: 2
[wasmtime|common] callnum: 31, ret:2
[3i|register_handler] targetcage: 2, targetcallnum: 4, handlefunc: 0, handlefunccage: 1
[wasmtime|common] callnum: 69, ret:0
[3i|make_syscall] syscallnum: 69, self_cageid: 2, target_cageid: 2
Cageid: 2
[3i|make_syscall] syscallnum: 21, self_cageid: 2, target_cageid: 2
[mmap_syscall] selfcageid: 2, FD Cageid: 2
[mmap_inner] cageid: 2, vfd: -1
[mmap_syscall] return: 0, selfcageid: 2
[3i|threei_test_func] Callback replaced with grateid 2
[3i|threei_test_func] Added grate entry func to global table
[3i|make_syscall] syscallnum: 191, self_cageid: 2, target_cageid: 2
[wasmtime|common] callnum: 191, ret:-14
[3i|make_syscall] syscallnum: 176, self_cageid: 2, target_cageid: 2
[sbrk_syscall] cageid: 2
[sbrk_syscall] cp 1
[sbrk_syscall] cp 2
[sbrk_syscall] cp 3
[sbrk_syscall] cp 4
[sbrk_syscall] cp 4.5
[sbrk_syscall] cp 5
[mmap_inner] cageid: 2, vfd: -1
[wasmtime|common] callnum: 176, ret:196608
[3i|make_syscall] syscallnum: 176, self_cageid: 2, target_cageid: 2
[sbrk_syscall] cageid: 2
[sbrk_syscall] cp 1
[sbrk_syscall] cp 2
[sbrk_syscall] cp 3
[sbrk_syscall] cp 4
[sbrk_syscall] cp 4.5
[sbrk_syscall] cp 5
[mmap_inner] cageid: 2, vfd: -1
[wasmtime|common] callnum: 176, ret:331776
[3i|make_syscall] syscallnum: 4, self_cageid: 2, target_cageid: 2
[3i|make_syscall] grate call -- selfcageid: 2, syscallnum: 4, callindex: 0, grateid: 1
[3i|call_grate_func] grateid (aka index): 1
[3i|make_syscall] syscallnum: 31, self_cageid: 1, target_cageid: 1
[wasmtime|common] callnum: 31, ret:1
[wasmtime|common] copy_data_between_cages: thiscage: 1, targetcage: 2, srcaddr: 5300, srccage: 2, destaddr: 197088, destcage: 1, len: 4096, copytype: 1
[3i|copy_data_between_cages] srcaddr: 5300, srccage: 2, destaddr: 197088, destcage: 1, len: 4096, copytype: 1
[mem_helper] baseaddr: 135382469443584, arg: 5300
[mem_helper] baseaddr: 135401528360960, arg: 197088
[3i|make_syscall] syscallnum: 13, self_cageid: 1, target_cageid: 1
[mem_helper] baseaddr: 135401528360960, arg: 189724
[grate] str=hello
[wasmtime|common] callnum: 13, ret:18
[3i|make_syscall] syscallnum: 176, self_cageid: 1, target_cageid: 1
[sbrk_syscall] cageid: 1
[sbrk_syscall] cp 1
[sbrk_syscall] cp 2
[sbrk_syscall] cp 3
[sbrk_syscall] cp 4
[sbrk_syscall] cp 4.5
[wasmtime|common] callnum: 176, ret:335872
[3i|make_syscall] syscallnum: 176, self_cageid: 1, target_cageid: 1
[sbrk_syscall] cageid: 1
[sbrk_syscall] cp 1
[sbrk_syscall] cp 2
[sbrk_syscall] cp 3
[sbrk_syscall] cp 4
[sbrk_syscall] cp 4.5
[sbrk_syscall] cp 5
[mmap_inner] cageid: 1, vfd: -1
[wasmtime|common] callnum: 176, ret:335872
[3i|make_syscall] syscallnum: 176, self_cageid: 1, target_cageid: 1
[sbrk_syscall] cageid: 1
[sbrk_syscall] cp 1
[sbrk_syscall] cp 2
[sbrk_syscall] cp 3
[sbrk_syscall] cp 4
[sbrk_syscall] cp 4.5
[wasmtime|common] callnum: 176, ret:331776
[wasmtime|common] callnum: 4, ret:0
[3i|make_syscall] syscallnum: 13, self_cageid: 2, target_cageid: 2
[mem_helper] baseaddr: 135382469443584, arg: 188476
[Cage | unlink] unlink ret = 0
[wasmtime|common] callnum: 13, ret:31
[3i|make_syscall] syscallnum: 30, self_cageid: 2, target_cageid: 2
[wasmtime|common] callnum: 172, ret:2
[3i|make_syscall] syscallnum: 13, self_cageid: 1, target_cageid: 1
[mem_helper] baseaddr: 135401528360960, arg: 189980
[Grate | getuid] terminated, status: 0
[wasmtime|common] callnum: 13, ret:39
[3i|make_syscall] syscallnum: 172, self_cageid: 1, target_cageid: 1
[mem_helper] baseaddr: 135401528360960, arg: 190156
[wasmtime|common] callnum: 172, ret:-10
[3i|make_syscall] syscallnum: 30, self_cageid: 1, target_cageid: 1
